*** Using Compiler 'V6.18', folder: 'D:\Keil5\ARM\ARMCLANG\Bin'
Rebuild target 'microcomputer'
compiling stm32f4xx_hal_msp.c...
assembling startup_stm32f407xx.s...
compiling spi.c...
compiling input_test.c...
compiling main.c...
compiling tim.c...
compiling stm32f4xx_it.c...
../user/dev/sd_test.c(42): error: too many arguments to function call, expected single argument 'hsd', have 2 arguments
    status = HAL_SD_Init(&hsd, &card);
             ~~~~~~~~~~~       ^~~~~
../Drivers/STM32F4xx_HAL_Driver/Inc\stm32f4xx_hal_sd.h(595): note: 'HAL_SD_Init' declared here
HAL_StatusTypeDef HAL_SD_Init(SD_HandleTypeDef *hsd);
                  ^
1 error generated.
compiling sd_test.c...
compiling encoder.c...
compiling gpio.c...
compiling key.c...
compiling lcd.c...
compiling stm32f4xx_hal_flash_ramfunc.c...
compiling stm32f4xx_hal_rcc_ex.c...
compiling stm32f4xx_hal_flash.c...
compiling stm32f4xx_hal_flash_ex.c...
compiling stm32f4xx_hal_rcc.c...
compiling stm32f4xx_hal_spi.c...
compiling stm32f4xx_hal_gpio.c...
compiling stm32f4xx_hal_dma_ex.c...
compiling stm32f4xx_hal_pwr_ex.c...
compiling stm32f4xx_hal_pwr.c...
compiling stm32f4xx_hal.c...
compiling stm32f4xx_hal_dma.c...
compiling stm32f4xx_hal_cortex.c...
compiling stm32f4xx_hal_exti.c...
compiling croutine.c...
compiling list.c...
compiling system_stm32f4xx.c...
compiling event_groups.c...
compiling queue.c...
compiling timers.c...
compiling stm32f4xx_hal_tim_ex.c...
compiling port.c...
compiling heap_4.c...
compiling stream_buffer.c...
compiling stm32f4xx_hal_sd.c...
compiling stm32f4xx_hal_tim.c...
compiling tasks.c...
"microcomputer\microcomputer.axf" - 1 Error(s), 0 Warning(s).
Target not created.
Build Time Elapsed:  00:00:04
